---
source: src/parser/test.rs
description: "fn(x, y, z) { return x; }"
expression: stmts
---
[
    ExpressionStatement(
        Function { token: Spanned(0, 2..3, LParen), params: [Identifier("x"), Identifier("y"), Identifier("z")], body: Block { statements: [Return { value: Identifier("x") }] } },
    ),
]
