---
source: src/parser/test.rs
description: "fn(x, y){ return x + y; }(1, 2);"
expression: stmts
---
[
    ExpressionStatement(
        Call { token: Spanned(0, 25..26, LParen), function: Function { token: Spanned(0, 2..3, LParen), params: [Identifier("x"), Identifier("y")], body: Block { statements: [Return { value: Infix { token: "+", left: Identifier("x"), right: Identifier("y") } }] } }, args: [Int(1), Int(2)] },
    ),
]
