---
source: src/parser/test.rs
description: "fn(x, y, z) { return x; }"
expression: stmts
---
[
    ExpressionStatement(
        Function { token: Token { token_kind: LParen, line: 0, span: 2..3 }, params: [Identifier("x"), Identifier("y"), Identifier("z")], body: Block { statements: [Return { value: Identifier("x") }] } },
    ),
]
