---
source: src/lexer/test.rs
description: "!-/*5;"
expression: "debug_print(\"!-/*5;\", tokens)"
---
[
    Token(token: '!', slice: '!'),
    Token(token: '-', slice: '-'),
    Token(token: '/', slice: '/'),
    Token(token: '*', slice: '*'),
    Token(token: '5', slice: '5'),
    Token(token: ';', slice: ';'),
    Token(token: 'EOF', slice: ''),
]
