---
source: src/lexer/test.rs
description: "{ \"foo\": \"bar\" };"
expression: "debug_print(r#\"{ \"foo\": \"bar\" };\"#, tokens)"
---
[
    Token(token: '{', slice: '{'),
    Token(token: '"foo"', slice: '"foo"'),
    Token(token: ':', slice: ':'),
    Token(token: '"bar"', slice: '"bar"'),
    Token(token: '}', slice: '}'),
    Token(token: ';', slice: ';'),
    Token(token: 'EOF', slice: ''),
]
