---
source: src/lexer/test.rs
description: "let add = fn(x, y) {\n        x + y;\n    };"
expression: "debug_print(r\"let add = fn(x, y) {\n        x + y;\n    };\", tokens)"
---
[
    Token(token: 'let', slice: 'let'),
    Token(token: 'add', slice: 'add'),
    Token(token: '=', slice: '='),
    Token(token: 'fn', slice: 'fn'),
    Token(token: '(', slice: '('),
    Token(token: 'x', slice: 'x'),
    Token(token: ',', slice: ','),
    Token(token: 'y', slice: 'y'),
    Token(token: ')', slice: ')'),
    Token(token: '{', slice: '{'),
    Token(token: 'x', slice: 'x'),
    Token(token: '+', slice: '+'),
    Token(token: 'y', slice: 'y'),
    Token(token: ';', slice: ';'),
    Token(token: '}', slice: '}'),
    Token(token: ';', slice: ';'),
    Token(token: 'EOF', slice: ''),
]
