---
source: src/lexer/test.rs
description: "let result = add(five, ten);"
expression: "debug_print(\"let result = add(five, ten);\", tokens)"
---
[
    Token(token: 'let', slice: 'let'),
    Token(token: 'result', slice: 'result'),
    Token(token: '=', slice: '='),
    Token(token: 'add', slice: 'add'),
    Token(token: '(', slice: '('),
    Token(token: 'five', slice: 'five'),
    Token(token: ',', slice: ','),
    Token(token: 'ten', slice: 'ten'),
    Token(token: ')', slice: ')'),
    Token(token: ';', slice: ';'),
    Token(token: 'EOF', slice: ''),
]
