---
source: src/lexer/mod.rs
description: "\"hello world\";"
expression: "debug_print(r#\"\"hello world\";\"#, tokens)"
---
[
    T {
        token: Token {
            token_kind: Str(
                "hello world",
            ),
            line: 0,
            span: 0..13,
        },
        slice: "\"hello world\"",
    },
    T {
        token: Token {
            token_kind: Semicolon,
            line: 0,
            span: 13..14,
        },
        slice: ";",
    },
    T {
        token: Token {
            token_kind: Eof,
            line: 0,
            span: 14..14,
        },
        slice: "",
    },
]
