---
source: src/lexer/test.rs
description: "[1, 2]"
expression: "debug_print(\"[1, 2]\", tokens)"
---
[
    Token(token: '[', slice: '['),
    Token(token: '1', slice: '1'),
    Token(token: ',', slice: ','),
    Token(token: '2', slice: '2'),
    Token(token: ']', slice: ']'),
    Token(token: 'EOF', slice: ''),
]
