---
source: src/lexer/mod.rs
description: 10 == 10;
expression: "debug_print(\"10 == 10;\", tokens)"
---
[
    T {
        token: Token {
            token_kind: Int(
                "10",
            ),
            line: 0,
            span: 0..2,
        },
        slice: "10",
    },
    T {
        token: Token {
            token_kind: Equal,
            line: 0,
            span: 3..5,
        },
        slice: "==",
    },
    T {
        token: Token {
            token_kind: Int(
                "10",
            ),
            line: 0,
            span: 6..8,
        },
        slice: "10",
    },
    T {
        token: Token {
            token_kind: Semicolon,
            line: 0,
            span: 8..9,
        },
        slice: ";",
    },
    T {
        token: Token {
            token_kind: Eof,
            line: 0,
            span: 9..9,
        },
        slice: "",
    },
]
