---
source: src/lexer/test.rs
description: "=+(){},;"
expression: "debug_print(\"=+(){},;\", tokens)"
---
[
    Token(token: '=', slice: '='),
    Token(token: '+', slice: '+'),
    Token(token: '(', slice: '('),
    Token(token: ')', slice: ')'),
    Token(token: '{', slice: '{'),
    Token(token: '}', slice: '}'),
    Token(token: ',', slice: ','),
    Token(token: ';', slice: ';'),
    Token(token: 'EOF', slice: ''),
]
